Test E7 Required
States 1
0:X1=x:t0;
Ok
Witnesses
Positive: 1 Negative: 0
Condition forall (0:X1=x:t0)
Observation E7 Always 1 0
Hash=de17bcb7d83fd113de3e5f72449bdb86

